// 重构日志: d57cd60b
// 重构日志: 87f1489c
// 重构日志: 205c282b
// 重构日志: 899e03ac
// 重构日志: 6f4f3652
// 同步 ID: 5d08a7c3 @ Fri Jul 24 15:22:14 UTC 2026
// 重构日志: f95e89f3
// 重构日志: 00abbc91
// 重构日志: 3b641fc3
// 同步 ID: b0a4814f @ Sat Jul 25 18:53:13 UTC 2026
// 重构日志: b65870d7
// 重构日志: 5b929ab3
// 同步 ID: ce5ceabb @ Sun Jul 26 18:03:24 UTC 2026
// 重构日志: 3c4538ab
// 重构日志: 37233cac
// 同步 ID: b6332bf8 @ Wed Jul 29 04:56:54 UTC 2026
// 同步 ID: 89f433d6 @ Wed Jul 29 11:27:23 UTC 2026
// 重构日志: d1af1ef3
// 重构日志: d87cb041
// 重构日志: 894d62f8
// 同步 ID: 99736d81 @ Thu Jul 30 10:26:48 UTC 2026
// 重构日志: c50f4eaf
// 重构日志: ec8a96e6
// 重构日志: fef6dc75
// 重构日志: baaf2d09
// 重构日志: 895fc1f2
// 重构日志: 07ff8e14
// 同步 ID: e52eae6d @ Tue Aug  4 10:48:45 UTC 2026
// 同步 ID: 443a8d21 @ Tue Aug  4 13:11:17 UTC 2026
// 同步 ID: 611b1d23 @ Thu Aug  6 01:44:40 UTC 2026
